特征 8 维 | Train=(45476, 8) Test=(176799, 8) | train块=2 test块=8
[OK] IsolationForest_MultiVar_NonGaussian
[OK] OneClassSvm_MultiVar_Boundary
[OK] Mahalanobis_MultiVar_Gaussian
[OK] Lof_MultiVar_LocalDensity
[OK] PcaReconstruction_MultiVar_Correlated
[OK] HotellingT2_MultiVar_ProcessMonitoring
[OK] StatisticalThreshold_SingleVar_Gaussian
[OK] Cusum_SingleVar_Online
[OK] Ewma_SingleVar_Online
[OK] StlResidual_SingleVar_Seasonal
[OK] StatZ
[OK] StatZCN0
[OK] KnnDist
[OK] MahalanobisMCD
[OK] Ocsvm_nu0.01_gscale
[OK] Ocsvm_nu0.01_g0.5
[OK] Ocsvm_nu0.02_gscale
[OK] Ocsvm_nu0.02_g0.5
特征 7 维 | Train=(45476, 7) Test=(177908, 7) | train块=2 test块=8
[OK] IsolationForest_MultiVar_NonGaussian
[OK] OneClassSvm_MultiVar_Boundary
[OK] Mahalanobis_MultiVar_Gaussian
[OK] Lof_MultiVar_LocalDensity
[OK] PcaReconstruction_MultiVar_Correlated
[OK] HotellingT2_MultiVar_ProcessMonitoring
[OK] StatisticalThreshold_SingleVar_Gaussian
[OK] Cusum_SingleVar_Online
[OK] Ewma_SingleVar_Online
[OK] StlResidual_SingleVar_Seasonal
[OK] StatZ
[OK] StatZCN0
[OK] KnnDist
[OK] MahalanobisMCD
[OK] Ocsvm_nu0.01_gscale
[OK] Ocsvm_nu0.01_g0.5
[OK] Ocsvm_nu0.02_gscale
[OK] Ocsvm_nu0.02_g0.5
